Microchip MPLAB XC8 Compiler V2.32

Linker command line:

-W-3 --edf=/Applications/microchip/xc8/v2.32/pic/dat/en_msgs.txt -cn \
  -h+dist/default/production/IPR_Practica_02.X.production.sym \
  --cmf=dist/default/production/IPR_Practica_02.X.production.cmf -z \
  -Q18F4550 -o/tmp/xcxECYvZU --defsym=__MPLAB_BUILD=1 \
  -Mdist/default/production/IPR_Practica_02.X.production.map -E1 \
  -ver=XC8 Compiler --acfsm=1493 -ASTACK=060h-07FFh -pstack=STACK \
  -ACODE=00h-07FFFh -ACONST=00h-07FFFh -ASMALLCONST=0800h-08FFhx120 \
  -AMEDIUMCONST=0800h-07FFFh -ACOMRAM=01h-05Fh -AABS1=00h-07FFh \
  -ABIGRAM=01h-07FFh -ARAM=060h-0FFh,0100h-01FFhx7 -ABANK0=060h-0FFh \
  -ABANK1=0100h-01FFh -ABANK2=0200h-02FFh -ABANK3=0300h-03FFh \
  -ABANK4=0400h-04FFh -ABANK5=0500h-05FFh -ABANK6=0600h-06FFh \
  -ABANK7=0700h-07FFh -ASFR=0F60h-0FFFh -ACONFIG=0300000h-030000Dh \
  -AIDLOC=0200000h-0200007h -AEEDATA=0F00000h-0F000FFh -peeprom_data=EEDATA \
  -preset_vec=00h,intcode,intcodelo,powerup,init -pramtop=0800h \
  -psmallconst=SMALLCONST -pmediumconst=MEDIUMCONST -pconst=CONST \
  -AFARRAM=00h-00h \
  -prdata=COMRAM,nvrram=COMRAM,nvbit=COMRAM,rbss=COMRAM,rbit=COMRAM \
  -pfarbss=FARRAM,fardata=FARRAM,nvFARRAM=FARRAM \
  -pintsave_regs=BIGRAM,bigbss=BIGRAM,bigdata=BIGRAM -pbss=RAM \
  -pidata=CODE,irdata=CODE,ibigdata=CODE,ifardata=CODE -prparam=COMRAM \
  /tmp/xcvRwUtUt.o dist/default/production/IPR_Practica_02.X.production.o 

Object code version is 3.11

Machine type is 18F4550



                Name                               Link     Load   Length Selector   Space Scale
/tmp/xcvRwUtUt.o
                idloc                            200000   200000        8        0       5
                config                           300000   300000        E        0       4
                init                                  0        0        4        0       0
dist/default/production/IPR_Practica_02.X.production.o
                idloc                            200000   200000        8        0       5
                config                           300000   300000        E        0       4
                text3                              7F60     7F60       28     3FB0       0
                text2                              7F1C     7F1C       1E     3F8E       0
                text1                              7F88     7F88       36     3FC4       0
                text0                              7FBE     7FBE       42     3FDF       0
                cstackCOMRAM                          1        1       12        1       1
                dataCOMRAM                           13       13        B        1       1
                cinit                              7F3A     7F3A       26     3F9D       0
                idataCOMRAM                        7F11     7F11        B     7F11       0

TOTAL           Name                               Link     Load   Length     Space
        CLASS   STACK          

        CLASS   CODE           
                init                                  0        0        4         0
                text3                              7F60     7F60       28         0
                text2                              7F1C     7F1C       1E         0
                text1                              7F88     7F88       36         0
                text0                              7FBE     7FBE       42         0
                cinit                              7F3A     7F3A       26         0
                idataCOMRAM                        7F11     7F11        B         0

        CLASS   CONST          

        CLASS   SMALLCONST     

        CLASS   MEDIUMCONST    

        CLASS   COMRAM         
                cstackCOMRAM                          1        1       12         1
                dataCOMRAM                           13       13        B         1

        CLASS   ABS1           

        CLASS   BIGRAM         

        CLASS   RAM            

        CLASS   BANK0          

        CLASS   BANK1          

        CLASS   BANK2          

        CLASS   BANK3          

        CLASS   BANK4          

        CLASS   BANK5          

        CLASS   BANK6          

        CLASS   BANK7          

        CLASS   SFR            

        CLASS   CONFIG         
                config                           300000   300000        E         4

        CLASS   IDLOC          
                idloc                            200000   200000        8         5

        CLASS   EEDATA         

        CLASS   FARRAM         



SEGMENTS        Name                           Load    Length   Top    Selector   Space  Class

                text3                          007F60  000028  007F88      3FB0       0  CODE    
                cinit                          007F3A  000026  007F60      3F9D       0  CODE    
                reset_vec                      000000  000004  000004         0       0  CODE    
                text1                          007F88  000036  007FBE      3FC4       0  CODE    
                text2                          007F1C  00001E  007F3A      3F8E       0  CODE    
                text0                          007FBE  000042  008000      3FDF       0  CODE    
                idataCOMRAM                    007F11  00000B  007F1C      7F11       0  CODE    
                cstackCOMRAM                   000001  00001D  00001E         1       1  COMRAM  


UNUSED ADDRESS RANGES

        Name                Unused          Largest block    Delta
        BANK0            000060-0000FF               A0
        BANK1            000100-0001FF              100
        BANK2            000200-0002FF              100
        BANK3            000300-0003FF              100
        BANK4            000400-0004FF              100
        BANK5            000500-0005FF              100
        BANK6            000600-0006FF              100
        BANK7            000700-0007FF              100
        BIGRAM           00001E-0007FF              7E2
        CODE             000004-007F10             7F0D
        COMRAM           00001E-00005F               42
        CONST            000004-007F10             7F0D
        EEDATA           F00000-F000FF              100
        MEDIUMCONST      000800-007F10             7711
        RAM              000060-0007FF              100
        SFR              000F60-000FFF               A0
        SMALLCONST       000800-007F10              100
        STACK            000060-0007FF              7A0

                                  Symbol Table

_BAUDCONbits                (abs)        000FB8
_PIR1bits                   (abs)        000F9E
_RCREG                      (abs)        000FAE
_RCSTAbits                  (abs)        000FAB
_SPBRG                      (abs)        000FAF
_TRISCbits                  (abs)        000F94
_TXREG                      (abs)        000FAD
_TXSTAbits                  (abs)        000FAC
__HRAM                      (abs)        000000
__Habs1                     abs1         000000
__Hbank0                    bank0        000000
__Hbank1                    bank1        000000
__Hbank2                    bank2        000000
__Hbank3                    bank3        000000
__Hbank4                    bank4        000000
__Hbank5                    bank5        000000
__Hbank6                    bank6        000000
__Hbank7                    bank7        000000
__Hbigbss                   bigbss       000000
__Hbigdata                  bigdata      000000
__Hbigram                   bigram       000000
__Hbss                      bss          000000
__Hcinit                    cinit        000000
__Hclrtext                  clrtext      000000
__Hcomram                   comram       000000
__Hconfig                   config       30000E
__Hconst                    const        000000
__HcstackCOMRAM             cstackCOMRAM 000000
__Hdata                     data         000000
__HdataCOMRAM               dataCOMRAM   000000
__Heeprom_data              eeprom_data  000000
__Hfarbss                   farbss       000000
__Hfardata                  fardata      000000
__Hibigdata                 ibigdata     000000
__Hidata                    idata        000000
__HidataCOMRAM              idataCOMRAM  000000
__Hidloc                    idloc        200008
__Hifardata                 ifardata     000000
__Hinit                     init         000004
__Hintcode                  intcode      000000
__Hintcode_body             intcode_body 000000
__Hintcodelo                intcodelo    000000
__Hintentry                 intentry     000000
__Hintret                   intret       000000
__Hintsave_regs             intsave_regs 000000
__Hirdata                   irdata       000000
__Hmediumconst              mediumconst  000000
__HnvFARRAM                 nvFARRAM     000000
__Hnvbit                    nvbit        000000
__Hnvrram                   nvrram       000000
__Hparam                    rparam       000000
__Hpowerup                  powerup      000000
__Hram                      ram          000000
__Hramtop                   ramtop       000800
__Hrbit                     rbit         000000
__Hrbss                     rbss         000000
__Hrdata                    rdata        000000
__Hreset_vec                reset_vec    000000
__Hrparam                   rparam       000000
__Hsfr                      sfr          000000
__Hsmallconst               smallconst   000000
__Hspace_0                  (abs)        008000
__Hspace_1                  (abs)        00001E
__Hspace_2                  (abs)        000000
__Hspace_4                  (abs)        60000E
__Hstack                    stack        000000
__Hstruct                   struct       000000
__Htemp                     temp         000000
__Htext                     text         000000
__Htext0                    text0        000000
__Htext1                    text1        000000
__Htext2                    text2        000000
__Htext3                    text3        000000
__LRAM                      (abs)        000001
__Labs1                     abs1         000000
__Lbank0                    bank0        000000
__Lbank1                    bank1        000000
__Lbank2                    bank2        000000
__Lbank3                    bank3        000000
__Lbank4                    bank4        000000
__Lbank5                    bank5        000000
__Lbank6                    bank6        000000
__Lbank7                    bank7        000000
__Lbigbss                   bigbss       000000
__Lbigdata                  bigdata      000000
__Lbigram                   bigram       000000
__Lbss                      bss          000000
__Lcinit                    cinit        000000
__Lclrtext                  clrtext      000000
__Lcomram                   comram       000000
__Lconfig                   config       000000
__Lconst                    const        000000
__LcstackCOMRAM             cstackCOMRAM 000000
__Ldata                     data         000000
__LdataCOMRAM               dataCOMRAM   000000
__Leeprom_data              eeprom_data  000000
__Lfarbss                   farbss       000000
__Lfardata                  fardata      000000
__Libigdata                 ibigdata     000000
__Lidata                    idata        000000
__LidataCOMRAM              idataCOMRAM  000000
__Lidloc                    idloc        000000
__Lifardata                 ifardata     000000
__Linit                     init         000000
__Lintcode                  intcode      000000
__Lintcode_body             intcode_body 000000
__Lintcodelo                intcodelo    000000
__Lintentry                 intentry     000000
__Lintret                   intret       000000
__Lintsave_regs             intsave_regs 000000
__Lirdata                   irdata       000000
__Lmediumconst              mediumconst  000000
__LnvFARRAM                 nvFARRAM     000000
__Lnvbit                    nvbit        000000
__Lnvrram                   nvrram       000000
__Lparam                    rparam       000000
__Lpowerup                  powerup      000000
__Lram                      ram          000000
__Lramtop                   ramtop       000800
__Lrbit                     rbit         000000
__Lrbss                     rbss         000000
__Lrdata                    rdata        000000
__Lreset_vec                reset_vec    000000
__Lrparam                   rparam       000000
__Lsfr                      sfr          000000
__Lsmallconst               smallconst   000000
__Lspace_0                  (abs)        000000
__Lspace_1                  (abs)        000000
__Lspace_2                  (abs)        000000
__Lspace_4                  (abs)        000000
__Lstack                    stack        000000
__Lstruct                   struct       000000
__Ltemp                     temp         000000
__Ltext                     text         000000
__Ltext0                    text0        000000
__Ltext1                    text1        000000
__Ltext2                    text2        000000
__Ltext3                    text3        000000
__S0                        (abs)        008000
__S1                        (abs)        00001E
__S2                        (abs)        000000
__S4                        (abs)        000000
__S5                        (abs)        000000
___inthi_sp                 stack        000000
___intlo_sp                 stack        000000
___param_bank               (abs)        000000
___rparam_used              (abs)        000001
___sp                       stack        000000
__accesstop                 (abs)        000060
__activetblptr              (abs)        000000
__end_of__initialization    cinit        007F5A
__end_of_main               text0        008000
__end_of_uartInit           text3        007F88
__end_of_uartPrint          text1        007FBE
__end_of_uartTransmitter    text2        007F3A
__initialization            cinit        007F3A
__mediumconst               mediumconst  000000
__pcinit                    cinit        007F3A
__pcstackCOMRAM             cstackCOMRAM 000001
__pdataCOMRAM               dataCOMRAM   000013
__pidataCOMRAM              idataCOMRAM  007F11
__ptext0                    text0        007FBE
__ptext1                    text1        007F88
__ptext2                    text2        007F1C
__ptext3                    text3        007F60
__ramtop                    ramtop       000800
__size_of_main              (abs)        000000
__size_of_uartInit          (abs)        000000
__size_of_uartPrint         (abs)        000000
__size_of_uartTransmitter   (abs)        000000
__smallconst                smallconst   000000
_main                       text0        007FBE
_uartInit                   text3        007F60
_uartPrint                  text1        007F88
_uartTransmitter            text2        007F1C
end_of_initialization       cinit        007F5A
intlevel0                   text         000000
intlevel1                   text         000000
intlevel2                   text         000000
intlevel3                   text         000000
isa$std                     (abs)        000001
isa$xinst                   (abs)        000000
main@F3485                  dataCOMRAM   000013
main@mensaje                cstackCOMRAM 000008
stackhi                     (abs)        0007FF
stacklo                     (abs)        000060
start                       init         000000
start_initialization        cinit        007F3A
uartPrint@index             cstackCOMRAM 000004
uartPrint@string            cstackCOMRAM 000002
uartTransmitter@dataTrasmit cstackCOMRAM 000001


MODULE INFORMATION

Module		Function		Class		Link	Load	Size
shared
		__initialization		CODE           	7F3A	0000	32

shared estimated size: 32

libuart4550.c
		_uartTransmitter		CODE           	7F1C	0000	30
		_uartPrint     		CODE           	7F88	0000	54
		_uartInit      		CODE           	7F60	0000	40

libuart4550.c estimated size: 124

main.c
		_main          		CODE           	7FBE	0000	66

main.c estimated size: 66

